C:\workspace\endfield-cal\tests\verify_stack_fix.js:28
const resNormal = calculateDamage(testState, false);
                  ^

ReferenceError: calculateDamage is not defined
    at Object.<anonymous> (C:\workspace\endfield-cal\tests\verify_stack_fix.js:28:19)
    at Module._compile (node:internal/modules/cjs/loader:1804:14)
    at Object..js (node:internal/modules/cjs/loader:1936:10)
    at Module.load (node:internal/modules/cjs/loader:1525:32)
    at Module._load (node:internal/modules/cjs/loader:1327:12)
    at TracingChannel.traceSync (node:diagnostics_channel:328:14)
    at wrapModuleLoad (node:internal/modules/cjs/loader:245:24)
    at Module.executeUserEntryPoint [as runMain] (node:internal/modules/run_main:154:5)
    at node:internal/main/run_main_module:33:47

Node.js v24.13.1
